
> scratch@0.1.0 build
> next build

  Ôû▓ Next.js 14.2.3
  - Environments: .env.local

   Creating an optimized production build ...
 Ô£ô Compiled successfully
   Linting and checking validity of types ...
npm : 
Au caractère Ligne:1 : 1
+ npm run build > build_output.txt 2>&1
+ ~~~~~~~~~~~~~~~~~~~~~~~~~~~~~~~~~~~~~
    + CategoryInfo          : NotSpecified: (:String) [], RemoteException
    + FullyQualifiedErrorId : NativeCommandError
 
Failed to compile.

./src/app/admin/hostaway-requests/page.tsx
36:6  Warning: React Hook useEffect has a missing dependency: 'fetchRequests'. Either include it or remove the 
dependency array.  react-hooks/exhaustive-deps

./src/app/admin/layout.tsx
54:8  Warning: React Hook useEffect has a missing dependency: 'supabase'. Either include it or remove the dependency 
array.  react-hooks/exhaustive-deps

./src/app/admin/media/page.tsx
42:8  Warning: React Hook useEffect has a missing dependency: 'supabase'. Either include it or remove the dependency 
array.  react-hooks/exhaustive-deps
61:29  Warning: Using `<img>` could result in slower LCP and higher bandwidth. Consider using `<Image />` from 
`next/image` to automatically optimize images. This may incur additional usage or cost from your provider. See: 
https://nextjs.org/docs/messages/no-img-element  @next/next/no-img-element

./src/app/admin/properties/page.tsx
50:8  Warning: React Hook useEffect has a missing dependency: 'supabase'. Either include it or remove the dependency 
array.  react-hooks/exhaustive-deps

./src/app/admin/properties/[id]/page.tsx
58:8  Warning: React Hook useEffect has a missing dependency: 'supabase'. Either include it or remove the dependency 
array.  react-hooks/exhaustive-deps
154:57  Error: `'` can be escaped with `&apos;`, `&lsquo;`, `&#39;`, `&rsquo;`.  react/no-unescaped-entities
886:49  Warning: Using `<img>` could result in slower LCP and higher bandwidth. Consider using `<Image />` from 
`next/image` to automatically optimize images. This may incur additional usage or cost from your provider. See: 
https://nextjs.org/docs/messages/no-img-element  @next/next/no-img-element

./src/app/admin/users/page.tsx
28:8  Warning: React Hook useEffect has a missing dependency: 'supabase'. Either include it or remove the dependency 
array.  react-hooks/exhaustive-deps

./src/app/client/onboarding/[id]/page.tsx
140:21  Warning: Using `<img>` could result in slower LCP and higher bandwidth. Consider using `<Image />` from 
`next/image` to automatically optimize images. This may incur additional usage or cost from your provider. See: 
https://nextjs.org/docs/messages/no-img-element  @next/next/no-img-element

./src/app/client/profile/page.tsx
67:8  Warning: React Hook useEffect has a missing dependency: 'supabase'. Either include it or remove the dependency 
array.  react-hooks/exhaustive-deps

./src/components/HostawayRequest/HostawayHeaderItem.tsx
50:6  Warning: React Hook useEffect has missing dependencies: 'fetchRequest' and 'supabase'. Either include them or 
remove the dependency array.  react-hooks/exhaustive-deps
139:15  Warning: Using `<img>` could result in slower LCP and higher bandwidth. Consider using `<Image />` from 
`next/image` to automatically optimize images. This may incur additional usage or cost from your provider. See: 
https://nextjs.org/docs/messages/no-img-element  @next/next/no-img-element

./src/components/HostawayRequest/HostawayRequestSection.tsx
30:6  Warning: React Hook useEffect has a missing dependency: 'fetchRequest'. Either include it or remove the 
dependency array.  react-hooks/exhaustive-deps

./src/components/onboarding/Step3Photos.tsx
125:29  Warning: Using `<img>` could result in slower LCP and higher bandwidth. Consider using `<Image />` from 
`next/image` to automatically optimize images. This may incur additional usage or cost from your provider. See: 
https://nextjs.org/docs/messages/no-img-element  @next/next/no-img-element

./src/components/onboarding/Step5Rules.tsx
159:41  Warning: Using `<img>` could result in slower LCP and higher bandwidth. Consider using `<Image />` from 
`next/image` to automatically optimize images. This may incur additional usage or cost from your provider. See: 
https://nextjs.org/docs/messages/no-img-element  @next/next/no-img-element

./src/lib/AuthContext.tsx
52:8  Warning: React Hook useEffect has a missing dependency: 'supabase.auth'. Either include it or remove the 
dependency array.  react-hooks/exhaustive-deps

info  - Need to disable some ESLint rules? Learn more here: 
https://nextjs.org/docs/basic-features/eslint#disabling-rules
